../drivers/CMSIS/Include/core_cm4.h:1816:22:__NVIC_SetPriority	16	static
../drivers/CMSIS/Include/core_cm4.h:2022:26:SysTick_Config	16	static
../Src/main.c:47:6:USART2_EXTI26_IRQHandler	8	static
../Src/main.c:109:5:main	16	static
../Src/main.c:159:6:TIM1_BRK_TIM15_IRQHandler	8	static
../Src/main.c:205:6:TIM2_IRQHandler	8	static
../Src/main.c:279:6:TIM1_TRG_COM_TIM17_IRQHandler	8	static
../Src/main.c:319:6:TIM8_UP_IRQHandler	8	static
../Src/main.c:342:6:CNC_Machine	8	static
../Src/main.c:430:10:GetSystemTick	4	static
../Src/main.c:434:6:SysTick_Handler	4	static
