Archive member included to satisfy reference by file (symbol)

C:/ST/STM32CubeIDE_1.13.2/STM32CubeIDE/plugins/com.st.stm32cube.ide.mcu.externaltools.gnu-tools-for-stm32.13.3.rel1.win32_1.0.0.202411081344/tools/bin/../lib/gcc/arm-none-eabi/13.3.1/../../../../arm-none-eabi/lib/thumb/v7e-m+fp/hard\libc_nano.a(libc_a-exit.o)
                              C:/ST/STM32CubeIDE_1.13.2/STM32CubeIDE/plugins/com.st.stm32cube.ide.mcu.externaltools.gnu-tools-for-stm32.13.3.rel1.win32_1.0.0.202411081344/tools/bin/../lib/gcc/arm-none-eabi/13.3.1/../../../../arm-none-eabi/lib/thumb/v7e-m+fp/hard/crt0.o (exit)
C:/ST/STM32CubeIDE_1.13.2/STM32CubeIDE/plugins/com.st.stm32cube.ide.mcu.externaltools.gnu-tools-for-stm32.13.3.rel1.win32_1.0.0.202411081344/tools/bin/../lib/gcc/arm-none-eabi/13.3.1/../../../../arm-none-eabi/lib/thumb/v7e-m+fp/hard\libc_nano.a(libc_a-findfp.o)
                              C:/ST/STM32CubeIDE_1.13.2/STM32CubeIDE/plugins/com.st.stm32cube.ide.mcu.externaltools.gnu-tools-for-stm32.13.3.rel1.win32_1.0.0.202411081344/tools/bin/../lib/gcc/arm-none-eabi/13.3.1/../../../../arm-none-eabi/lib/thumb/v7e-m+fp/hard\libc_nano.a(libc_a-exit.o) (__stdio_exit_handler)
C:/ST/STM32CubeIDE_1.13.2/STM32CubeIDE/plugins/com.st.stm32cube.ide.mcu.externaltools.gnu-tools-for-stm32.13.3.rel1.win32_1.0.0.202411081344/tools/bin/../lib/gcc/arm-none-eabi/13.3.1/../../../../arm-none-eabi/lib/thumb/v7e-m+fp/hard\libc_nano.a(libc_a-fwalk.o)
                              C:/ST/STM32CubeIDE_1.13.2/STM32CubeIDE/plugins/com.st.stm32cube.ide.mcu.externaltools.gnu-tools-for-stm32.13.3.rel1.win32_1.0.0.202411081344/tools/bin/../lib/gcc/arm-none-eabi/13.3.1/../../../../arm-none-eabi/lib/thumb/v7e-m+fp/hard\libc_nano.a(libc_a-findfp.o) (_fwalk_sglue)
C:/ST/STM32CubeIDE_1.13.2/STM32CubeIDE/plugins/com.st.stm32cube.ide.mcu.externaltools.gnu-tools-for-stm32.13.3.rel1.win32_1.0.0.202411081344/tools/bin/../lib/gcc/arm-none-eabi/13.3.1/../../../../arm-none-eabi/lib/thumb/v7e-m+fp/hard\libc_nano.a(libc_a-stdio.o)
                              C:/ST/STM32CubeIDE_1.13.2/STM32CubeIDE/plugins/com.st.stm32cube.ide.mcu.externaltools.gnu-tools-for-stm32.13.3.rel1.win32_1.0.0.202411081344/tools/bin/../lib/gcc/arm-none-eabi/13.3.1/../../../../arm-none-eabi/lib/thumb/v7e-m+fp/hard\libc_nano.a(libc_a-findfp.o) (__sread)
C:/ST/STM32CubeIDE_1.13.2/STM32CubeIDE/plugins/com.st.stm32cube.ide.mcu.externaltools.gnu-tools-for-stm32.13.3.rel1.win32_1.0.0.202411081344/tools/bin/../lib/gcc/arm-none-eabi/13.3.1/../../../../arm-none-eabi/lib/thumb/v7e-m+fp/hard\libc_nano.a(libc_a-memset.o)
                              C:/ST/STM32CubeIDE_1.13.2/STM32CubeIDE/plugins/com.st.stm32cube.ide.mcu.externaltools.gnu-tools-for-stm32.13.3.rel1.win32_1.0.0.202411081344/tools/bin/../lib/gcc/arm-none-eabi/13.3.1/../../../../arm-none-eabi/lib/thumb/v7e-m+fp/hard/crt0.o (memset)
C:/ST/STM32CubeIDE_1.13.2/STM32CubeIDE/plugins/com.st.stm32cube.ide.mcu.externaltools.gnu-tools-for-stm32.13.3.rel1.win32_1.0.0.202411081344/tools/bin/../lib/gcc/arm-none-eabi/13.3.1/../../../../arm-none-eabi/lib/thumb/v7e-m+fp/hard\libc_nano.a(libc_a-closer.o)
                              C:/ST/STM32CubeIDE_1.13.2/STM32CubeIDE/plugins/com.st.stm32cube.ide.mcu.externaltools.gnu-tools-for-stm32.13.3.rel1.win32_1.0.0.202411081344/tools/bin/../lib/gcc/arm-none-eabi/13.3.1/../../../../arm-none-eabi/lib/thumb/v7e-m+fp/hard\libc_nano.a(libc_a-stdio.o) (_close_r)
C:/ST/STM32CubeIDE_1.13.2/STM32CubeIDE/plugins/com.st.stm32cube.ide.mcu.externaltools.gnu-tools-for-stm32.13.3.rel1.win32_1.0.0.202411081344/tools/bin/../lib/gcc/arm-none-eabi/13.3.1/../../../../arm-none-eabi/lib/thumb/v7e-m+fp/hard\libc_nano.a(libc_a-reent.o)
                              C:/ST/STM32CubeIDE_1.13.2/STM32CubeIDE/plugins/com.st.stm32cube.ide.mcu.externaltools.gnu-tools-for-stm32.13.3.rel1.win32_1.0.0.202411081344/tools/bin/../lib/gcc/arm-none-eabi/13.3.1/../../../../arm-none-eabi/lib/thumb/v7e-m+fp/hard\libc_nano.a(libc_a-closer.o) (errno)
C:/ST/STM32CubeIDE_1.13.2/STM32CubeIDE/plugins/com.st.stm32cube.ide.mcu.externaltools.gnu-tools-for-stm32.13.3.rel1.win32_1.0.0.202411081344/tools/bin/../lib/gcc/arm-none-eabi/13.3.1/../../../../arm-none-eabi/lib/thumb/v7e-m+fp/hard\libc_nano.a(libc_a-impure.o)
                              C:/ST/STM32CubeIDE_1.13.2/STM32CubeIDE/plugins/com.st.stm32cube.ide.mcu.externaltools.gnu-tools-for-stm32.13.3.rel1.win32_1.0.0.202411081344/tools/bin/../lib/gcc/arm-none-eabi/13.3.1/../../../../arm-none-eabi/lib/thumb/v7e-m+fp/hard\libc_nano.a(libc_a-reent.o) (_impure_ptr)
C:/ST/STM32CubeIDE_1.13.2/STM32CubeIDE/plugins/com.st.stm32cube.ide.mcu.externaltools.gnu-tools-for-stm32.13.3.rel1.win32_1.0.0.202411081344/tools/bin/../lib/gcc/arm-none-eabi/13.3.1/../../../../arm-none-eabi/lib/thumb/v7e-m+fp/hard\libc_nano.a(libc_a-lseekr.o)
[...]
Memory Configuration

Name             Origin             Length             Attributes
CCMRAM           0x10000000         0x00004000         xrw
RAM              0x20000000         0x00010000         xrw
FLASH            0x08000000         0x00080000         xr
*default*        0x00000000         0xffffffff

Linker script and memory map

LOAD C:/ST/STM32CubeIDE_1.13.2/STM32CubeIDE/plugins/com.st.stm32cube.ide.mcu.externaltools.gnu-tools-for-stm32.13.3.rel1.win32_1.0.0.202411081344/tools/bin/../lib/gcc/arm-none-eabi/13.3.1/thumb/v7e-m+fp/hard/crti.o
LOAD C:/ST/STM32CubeIDE_1.13.2/STM32CubeIDE/plugins/com.st.stm32cube.ide.mcu.externaltools.gnu-tools-for-stm32.13.3.rel1.win32_1.0.0.202411081344/tools/bin/../lib/gcc/arm-none-eabi/13.3.1/thumb/v7e-m+fp/hard/crtbegin.o
LOAD C:/ST/STM32CubeIDE_1.13.2/STM32CubeIDE/plugins/com.st.stm32cube.ide.mcu.externaltools.gnu-tools-for-stm32.13.3.rel1.win32_1.0.0.202411081344/tools/bin/../lib/gcc/arm-none-eabi/13.3.1/../../../../arm-none-eabi/lib/thumb/v7e-m+fp/hard/crt0.o
LOAD ./Src/clkdir.o
LOAD ./Src/fifo.o
LOAD ./Src/main.o
LOAD ./Src/motor.o
LOAD ./Src/syscalls.o
LOAD ./Src/sysmem.o
LOAD ./Src/timers.o
LOAD ./Startup/startup_stm32f303retx.o
START GROUP
LOAD C:/ST/STM32CubeIDE_1.13.2/STM32CubeIDE/plugins/com.st.stm32cube.ide.mcu.externaltools.gnu-tools-for-stm32.13.3.rel1.win32_1.0.0.202411081344/tools/bin/../lib/gcc/arm-none-eabi/13.3.1/../../../../arm-none-eabi/lib/thumb/v7e-m+fp/hard\libc_nano.a
LOAD C:/ST/STM32CubeIDE_1.13.2/STM32CubeIDE/plugins/com.st.stm32cube.ide.mcu.externaltools.gnu-tools-for-stm32.13.3.rel1.win32_1.0.0.202411081344/tools/bin/../lib/gcc/arm-none-eabi/13.3.1/../../../../arm-none-eabi/lib/thumb/v7e-m+fp/hard\libm.a
END GROUP
START GROUP
LOAD C:/ST/STM32CubeIDE_1.13.2/STM32CubeIDE/plugins/com.st.stm32cube.ide.mcu.externaltools.gnu-tools-for-stm32.13.3.rel1.win32_1.0.0.202411081344/tools/bin/../lib/gcc/arm-none-eabi/13.3.1/thumb/v7e-m+fp/hard\libgcc.a
LOAD C:/ST/STM32CubeIDE_1.13.2/STM32CubeIDE/plugins/com.st.stm32cube.ide.mcu.externaltools.gnu-tools-for-stm32.13.3.rel1.win32_1.0.0.202411081344/tools/bin/../lib/gcc/arm-none-eabi/13.3.1/../../../../arm-none-eabi/lib/thumb/v7e-m+fp/hard\libc_nano.a
END GROUP
START GROUP
LOAD C:/ST/STM32CubeIDE_1.13.2/STM32CubeIDE/plugins/com.st.stm32cube.ide.mcu.externaltools.gnu-tools-for-stm32.13.3.rel1.win32_1.0.0.202411081344/tools/bin/../lib/gcc/arm-none-eabi/13.3.1/thumb/v7e-m+fp/hard\libgcc.a
LOAD C:/ST/STM32CubeIDE_1.13.2/STM32CubeIDE/plugins/com.st.stm32cube.ide.mcu.externaltools.gnu-tools-for-stm32.13.3.rel1.win32_1.0.0.202411081344/tools/bin/../lib/gcc/arm-none-eabi/13.3.1/../../../../arm-none-eabi/lib/thumb/v7e-m+fp/hard\libc_nano.a
LOAD C:/ST/STM32CubeIDE_1.13.2/STM32CubeIDE/plugins/com.st.stm32cube.ide.mcu.externaltools.gnu-tools-for-stm32.13.3.rel1.win32_1.0.0.202411081344/tools/bin/../lib/gcc/arm-none-eabi/13.3.1/../../../../arm-none-eabi/lib/thumb/v7e-m+fp/hard\libnosys.a
END GROUP
START GROUP
LOAD C:/ST/STM32CubeIDE_1.13.2/STM32CubeIDE/plugins/com.st.stm32cube.ide.mcu.externaltools.gnu-tools-for-stm32.13.3.rel1.win32_1.0.0.202411081344/tools/bin/../lib/gcc/arm-none-eabi/13.3.1/thumb/v7e-m+fp/hard\libgcc.a
LOAD C:/ST/STM32CubeIDE_1.13.2/STM32CubeIDE/plugins/com.st.stm32cube.ide.mcu.externaltools.gnu-tools-for-stm32.13.3.rel1.win32_1.0.0.202411081344/tools/bin/../lib/gcc/arm-none-eabi/13.3.1/../../../../arm-none-eabi/lib/thumb/v7e-m+fp/hard\libc_nano.a
LOAD C:/ST/STM32CubeIDE_1.13.2/STM32CubeIDE/plugins/com.st.stm32cube.ide.mcu.externaltools.gnu-tools-for-stm32.13.3.rel1.win32_1.0.0.202411081344/tools/bin/../lib/gcc/arm-none-eabi/13.3.1/../../../../arm-none-eabi/lib/thumb/v7e-m+fp/hard\libnosys.a
END GROUP
LOAD C:/ST/STM32CubeIDE_1.13.2/STM32CubeIDE/plugins/com.st.stm32cube.ide.mcu.externaltools.gnu-tools-for-stm32.13.3.rel1.win32_1.0.0.202411081344/tools/bin/../lib/gcc/arm-none-eabi/13.3.1/thumb/v7e-m+fp/hard/crtend.o
LOAD C:/ST/STM32CubeIDE_1.13.2/STM32CubeIDE/plugins/com.st.stm32cube.ide.mcu.externaltools.gnu-tools-for-stm32.13.3.rel1.win32_1.0.0.202411081344/tools/bin/../lib/gcc/arm-none-eabi/13.3.1/thumb/v7e-m+fp/hard/crtn.o
                0x20010000                        _estack = (ORIGIN (RAM) + LENGTH (RAM))
                0x00000200                        _Min_Heap_Size = 0x200
                0x00000400                        _Min_Stack_Size = 0x400

.isr_vector     0x08000000      0x194
                0x08000000                        . = ALIGN (0x4)
 *(.isr_vector)
 .isr_vector    0x08000000      0x194 ./Startup/startup_stm32f303retx.o
                0x08000000                g_pfnVectors
                0x08000194                        . = ALIGN (0x4)

.text           0x08000194     0x1180
                0x08000194                        . = ALIGN (0x4)
 *(.text)
 .text          0x08000194       0x40 C:/ST/STM32CubeIDE_1.13.2/STM32CubeIDE/plugins/com.st.stm32cube.ide.mcu.externaltools.gnu-tools-for-stm32.13.3.rel1.win32_1.0.0.202411081344/tools/bin/../lib/gcc/arm-none-eabi/13.3.1/thumb/v7e-m+fp/hard/crtbegin.o
 *(.text*)
 .text.DIRconfig_x
                0x080001d4       0x50 ./Src/clkdir.o
                0x080001d4                DIRconfig_x
 .text.DIRconfig_y
                0x08000224       0x50 ./Src/clkdir.o
                0x08000224                DIRconfig_y
 .text.DIRconfig_z
                0x08000274       0x50 ./Src/clkdir.o
                0x08000274                DIRconfig_z
 .text.CHIPEconfig_x
                0x080002c4       0x5e ./Src/clkdir.o
                0x080002c4                CHIPEconfig_x
 .text.CHIPEconfig_y
                0x08000322       0x5e ./Src/clkdir.o
                0x08000322                CHIPEconfig_y
 .text.CHIPEconfig_z
                0x08000380       0x50 ./Src/clkdir.o
                0x08000380                CHIPEconfig_z
 .text.ChipEnable
                0x080003d0       0x42 ./Src/clkdir.o
                0x080003d0                ChipEnable
 *fill*         0x08000412        0x2 
 .text.__NVIC_EnableIRQ
                0x08000414       0x3c ./Src/fifo.o
 .text.__NVIC_SetPriority
                0x08000450       0x54 ./Src/fifo.o
 .text.config_UART
                0x080004a4       0xcc ./Src/fifo.o
                0x080004a4                config_UART
 .text.fifo_push
                0x08000570       0x6c ./Src/fifo.o
                0x08000570                fifo_push
 .text.fifo_pop
                0x080005dc       0x6c ./Src/fifo.o
                0x080005dc                fifo_pop
 .text.__NVIC_SetPriority
                0x08000648       0x54 ./Src/main.o
 .text.SysTick_Config
                0x0800069c       0x44 ./Src/main.o
 .text.USART2_EXTI26_IRQHandler
                0x080006e0       0xac ./Src/main.o
                0x080006e0                USART2_EXTI26_IRQHandler
 .text.main     0x0800078c       0xd0 ./Src/main.o
                0x0800078c                main
 .text.TIM1_BRK_TIM15_IRQHandler
                0x0800085c       0xfc ./Src/main.o
                0x0800085c                TIM1_BRK_TIM15_IRQHandler
 .text.TIM2_IRQHandler
                0x08000958      0x1b4 ./Src/main.o
                0x08000958                TIM2_IRQHandler
 .text.TIM1_TRG_COM_TIM17_IRQHandler
                0x08000b0c      0x114 ./Src/main.o
                0x08000b0c                TIM1_TRG_COM_TIM17_IRQHandler
 .text.TIM8_UP_IRQHandler
                0x08000c20       0x44 ./Src/main.o
                0x08000c20                TIM8_UP_IRQHandler
 .text.CNC_Machine
                0x08000c64      0x168 ./Src/main.o
                0x08000c64                CNC_Machine
 .text.SysTick_Handler
                0x08000dcc       0x1c ./Src/main.o
                0x08000dcc                SysTick_Handler
 .text.stepmotor_axis
                0x08000de8       0x3e ./Src/motor.o
                0x08000de8                stepmotor_axis
 .text.stepmotor_dir
                0x08000e26       0x42 ./Src/motor.o
                0x08000e26                stepmotor_dir
 .text.stepmotor_stop
                0x08000e68       0x42 ./Src/motor.o
                0x08000e68                stepmotor_stop
 .text.stepmotor_start
                0x08000eaa       0x24 ./Src/motor.o
                0x08000eaa                stepmotor_start
 .text.stepmotor_run
                0x08000ece       0x36 ./Src/motor.o
                0x08000ece                stepmotor_run
 .text.stepmotor_move_z
                0x08000f04       0x50 ./Src/motor.o
                0x08000f04                stepmotor_move_z
 .text.__NVIC_EnableIRQ
                0x08000f54       0x3c ./Src/timers.o
 .text.__NVIC_SetPriority
                0x08000f90       0x54 ./Src/timers.o
 .text.clock_config
                0x08000fe4       0xc0 ./Src/timers.o
                0x08000fe4                clock_config
 .text.configure_y_TIMER15
                0x080010a4       0x8c ./Src/timers.o
                0x080010a4                configure_y_TIMER15
 .text.configure_x_TIMER2
                0x08001130       0xa4 ./Src/timers.o
                0x08001130                configure_x_TIMER2
 .text.configure_z_TIMER17
                0x080011d4       0x8c ./Src/timers.o
                0x080011d4                configure_z_TIMER17
 .text.Reset_Handler
                0x08001260       0x50 ./Startup/startup_stm32f303retx.o
                0x08001260                Reset_Handler
 .text.Default_Handler
                0x080012b0        0x2 ./Startup/startup_stm32f303retx.o
                0x080012b0                TIM8_TRG_COM_IRQHandler
                0x080012b0                TIM8_CC_IRQHandler
                0x080012b0                DebugMon_Handler
                0x080012b0                DMA1_CH4_IRQHandler
                0x080012b0                SPI4_IRQHandler
                0x080012b0                TIM1_CC_IRQHandler
                0x080012b0                HardFault_Handler
                0x080012b0                USB_HP_IRQHandler
                0x080012b0                I2C2_EV_EXTI24_IRQHandler
                0x080012b0                USB_WKUP_EXTI_IRQHandler
                0x080012b0                PVD_IRQHandler
                0x080012b0                UART4_EXTI34_IRQHandler
                0x080012b0                TAMP_STAMP_IRQHandler
                0x080012b0                PendSV_Handler
                0x080012b0                NMI_Handler
                0x080012b0                EXTI3_IRQHandler
                0x080012b0                I2C3_ER_IRQHandler
                0x080012b0                TIM6_DACUNDER_IRQHandler
                0x080012b0                USB_HP_CAN_TX_IRQHandler
                0x080012b0                EXTI0_IRQHandler
                0x080012b0                DMA2_CH1_IRQHandler
                0x080012b0                TIM1_UP_TIM16_IRQHandler
                0x080012b0                UsageFault_Handler
                0x080012b0                ADC1_2_IRQHandler
                0x080012b0                SPI1_IRQHandler
                0x080012b0                CAN_SCE_IRQHandler
                0x080012b0                DMA1_CH7_IRQHandler
                0x080012b0                COMP456_IRQHandler
                0x080012b0                DMA1_CH6_IRQHandler
                0x080012b0                TIM20_TRG_COM_IRQHandler
                0x080012b0                ADC3_IRQHandler
                0x080012b0                TIM4_IRQHandler
                0x080012b0                CAN_RX1_IRQHandler
                0x080012b0                USART1_EXTI25_IRQHandler
                0x080012b0                DMA2_CH5_IRQHandler
                0x080012b0                I2C1_EV_EXTI23_IRQHandler
                0x080012b0                DMA1_CH3_IRQHandler
                0x080012b0                TIM3_IRQHandler
                0x080012b0                RCC_IRQHandler
                0x080012b0                TIM20_UP_IRQHandler
                0x080012b0                Default_Handler
                0x080012b0                EXTI15_10_IRQHandler
                0x080012b0                USART3_EXTI28_IRQHandler
                0x080012b0                TIM7_IRQHandler
                0x080012b0                I2C3_EV_IRQHandler
                0x080012b0                EXTI9_5_IRQHandler
                0x080012b0                DMA1_CH2_IRQHandler
                0x080012b0                RTC_WKUP_IRQHandler
                0x080012b0                SPI2_IRQHandler
                0x080012b0                DMA1_CH1_IRQHandler
                0x080012b0                USB_LP_CAN_RX0_IRQHandler
                0x080012b0                MemManage_Handler
                0x080012b0                COMP123_IRQHandler
                0x080012b0                SVC_Handler
                0x080012b0                USB_LP_IRQHandler
                0x080012b0                EXTI4_IRQHandler
                0x080012b0                ADC4_IRQHandler
                0x080012b0                WWDG_IRQHandler
                0x080012b0                COMP7_IRQHandler
                0x080012b0                EXTI1_IRQHandler
                0x080012b0                RTCAlarm_IRQHandler
                0x080012b0                UART5_EXTI35_IRQHandler
                0x080012b0                TIM20_BRK_IRQHandler
                0x080012b0                I2C2_ER_IRQHandler
                0x080012b0                TIM8_BRK_IRQHandler
                0x080012b0                FLASH_IRQHandler
                0x080012b0                TIM20_CC_IRQHandler
                0x080012b0                BusFault_Handler
                0x080012b0                SPI3_IRQHandler
                0x080012b0                DMA2_CH3_IRQHandler
                0x080012b0                DMA2_CH2_IRQHandler
                0x080012b0                I2C1_ER_IRQHandler
                0x080012b0                FMC_IRQHandler
                0x080012b0                DMA1_CH5_IRQHandler
                0x080012b0                DMA2_CH4_IRQHandler
                0x080012b0                USB_WKUP_IRQHandler
                0x080012b0                EXTI2_TSC_IRQHandler
 *fill*         0x080012b2        0x2 
 .text.__libc_init_array
                0x080012b4       0x48 C:/ST/STM32CubeIDE_1.13.2/STM32CubeIDE/plugins/com.st.stm32cube.ide.mcu.externaltools.gnu-tools-for-stm32.13.3.rel1.win32_1.0.0.202411081344/tools/bin/../lib/gcc/arm-none-eabi/13.3.1/../../../../arm-none-eabi/lib/thumb/v7e-m+fp/hard\libc_nano.a(libc_a-init.o)
                0x080012b4                __libc_init_array
 *(.glue_7)
 .glue_7        0x080012fc        0x0 linker stubs
 *(.glue_7t)
 .glue_7t       0x080012fc        0x0 linker stubs
 *(.eh_frame)
 .eh_frame      0x080012fc        0x0 C:/ST/STM32CubeIDE_1.13.2/STM32CubeIDE/plugins/com.st.stm32cube.ide.mcu.externaltools.gnu-tools-for-stm32.13.3.rel1.win32_1.0.0.202411081344/tools/bin/../lib/gcc/arm-none-eabi/13.3.1/thumb/v7e-m+fp/hard/crtbegin.o
 *(.init)
 .init          0x080012fc        0x4 C:/ST/STM32CubeIDE_1.13.2/STM32CubeIDE/plugins/com.st.stm32cube.ide.mcu.externaltools.gnu-tools-for-stm32.13.3.rel1.win32_1.0.0.202411081344/tools/bin/../lib/gcc/arm-none-eabi/13.3.1/thumb/v7e-m+fp/hard/crti.o
                0x080012fc                _init
 .init          0x08001300        0x8 C:/ST/STM32CubeIDE_1.13.2/STM32CubeIDE/plugins/com.st.stm32cube.ide.mcu.externaltools.gnu-tools-for-stm32.13.3.rel1.win32_1.0.0.202411081344/tools/bin/../lib/gcc/arm-none-eabi/13.3.1/thumb/v7e-m+fp/hard/crtn.o
 *(.fini)
 .fini          0x08001308        0x4 C:/ST/STM32CubeIDE_1.13.2/STM32CubeIDE/plugins/com.st.stm32cube.ide.mcu.externaltools.gnu-tools-for-stm32.13.3.rel1.win32_1.0.0.202411081344/tools/bin/../lib/gcc/arm-none-eabi/13.3.1/thumb/v7e-m+fp/hard/crti.o
                0x08001308                _fini
 .fini          0x0800130c        0x8 C:/ST/STM32CubeIDE_1.13.2/STM32CubeIDE/plugins/com.st.stm32cube.ide.mcu.externaltools.gnu-tools-for-stm32.13.3.rel1.win32_1.0.0.202411081344/tools/bin/../lib/gcc/arm-none-eabi/13.3.1/thumb/v7e-m+fp/hard/crtn.o
                0x08001314                        . = ALIGN (0x4)
                0x08001314                        _etext = .

.vfp11_veneer   0x08001314        0x0
 .vfp11_veneer  0x08001314        0x0 linker stubs

.v4_bx          0x08001314        0x0
 .v4_bx         0x08001314        0x0 linker stubs

.iplt           0x08001314        0x0
 .iplt          0x08001314        0x0 C:/ST/STM32CubeIDE_1.13.2/STM32CubeIDE/plugins/com.st.stm32cube.ide.mcu.externaltools.gnu-tools-for-stm32.13.3.rel1.win32_1.0.0.202411081344/tools/bin/../lib/gcc/arm-none-eabi/13.3.1/thumb/v7e-m+fp/hard/crtbegin.o

.rel.dyn        0x08001314        0x0
 .rel.iplt      0x08001314        0x0 C:/ST/STM32CubeIDE_1.13.2/STM32CubeIDE/plugins/com.st.stm32cube.ide.mcu.externaltools.gnu-tools-for-stm32.13.3.rel1.win32_1.0.0.202411081344/tools/bin/../lib/gcc/arm-none-eabi/13.3.1/thumb/v7e-m+fp/hard/crtbegin.o

.rodata         0x08001314        0x0
                0x08001314                        . = ALIGN (0x4)
 *(.rodata)
 *(.rodata*)
                0x08001314                        . = ALIGN (0x4)

.ARM.extab      0x08001314        0x0
                0x08001314                        . = ALIGN (0x4)
 *(.ARM.extab* .gnu.linkonce.armextab.*)
                0x08001314                        . = ALIGN (0x4)

.ARM            0x08001314        0x0
                0x08001314                        . = ALIGN (0x4)
                0x08001314                        __exidx_start = .
 *(.ARM.exidx*)
                0x08001314                        __exidx_end = .
                0x08001314                        . = ALIGN (0x4)

.preinit_array  0x08001314        0x0
                0x08001314                        . = ALIGN (0x4)
                0x08001314                        PROVIDE (__preinit_array_start = .)
 *(.preinit_array*)
                0x08001314                        PROVIDE (__preinit_array_end = .)
                0x08001314                        . = ALIGN (0x4)

.init_array     0x08001314        0x4
                0x08001314                        . = ALIGN (0x4)
                0x08001314                        PROVIDE (__init_array_start = .)
 *(SORT_BY_NAME(.init_array.*))
 *(.init_array*)
 .init_array    0x08001314        0x4 C:/ST/STM32CubeIDE_1.13.2/STM32CubeIDE/plugins/com.st.stm32cube.ide.mcu.externaltools.gnu-tools-for-stm32.13.3.rel1.win32_1.0.0.202411081344/tools/bin/../lib/gcc/arm-none-eabi/13.3.1/thumb/v7e-m+fp/hard/crtbegin.o
                0x08001318                        PROVIDE (__init_array_end = .)
                0x08001318                        . = ALIGN (0x4)

.fini_array     0x08001318        0x4
                0x08001318                        . = ALIGN (0x4)
                [!provide]                        PROVIDE (__fini_array_start = .)
 *(SORT_BY_NAME(.fini_array.*))
 *(.fini_array*)
 .fini_array    0x08001318        0x4 C:/ST/STM32CubeIDE_1.13.2/STM32CubeIDE/plugins/com.st.stm32cube.ide.mcu.externaltools.gnu-tools-for-stm32.13.3.rel1.win32_1.0.0.202411081344/tools/bin/../lib/gcc/arm-none-eabi/13.3.1/thumb/v7e-m+fp/hard/crtbegin.o
                [!provide]                        PROVIDE (__fini_array_end = .)
                0x0800131c                        . = ALIGN (0x4)
                0x0800131c                        _sidata = LOADADDR (.data)

.data           0x20000000        0x0 load address 0x0800131c
                0x20000000                        . = ALIGN (0x4)
                0x20000000                        _sdata = .
 *(.data)
 *(.data*)
 *(.RamFunc)
 *(.RamFunc*)
                0x20000000                        . = ALIGN (0x4)
                0x20000000                        _edata = .
                0x0800131c                        _siccmram = LOADADDR (.ccmram)

.igot.plt       0x20000000        0x0 load address 0x0800131c
 .igot.plt      0x20000000        0x0 C:/ST/STM32CubeIDE_1.13.2/STM32CubeIDE/plugins/com.st.stm32cube.ide.mcu.externaltools.gnu-tools-for-stm32.13.3.rel1.win32_1.0.0.202411081344/tools/bin/../lib/gcc/arm-none-eabi/13.3.1/thumb/v7e-m+fp/hard/crtbegin.o

.ccmram         0x10000000        0x0 load address 0x0800131c
                0x10000000                        . = ALIGN (0x4)
                0x10000000                        _sccmram = .
 *(.ccmram)
 *(.ccmram*)
                0x10000000                        . = ALIGN (0x4)
                0x10000000                        _eccmram = .
                0x10000000                        . = ALIGN (0x4)

.bss            0x20000000     0x1490
                0x20000000                        _sbss = .
                0x20000000                        __bss_start__ = _sbss
 *(.bss)
 .bss           0x20000000       0x1c C:/ST/STM32CubeIDE_1.13.2/STM32CubeIDE/plugins/com.st.stm32cube.ide.mcu.externaltools.gnu-tools-for-stm32.13.3.rel1.win32_1.0.0.202411081344/tools/bin/../lib/gcc/arm-none-eabi/13.3.1/thumb/v7e-m+fp/hard/crtbegin.o
 *(.bss*)
 .bss.data      0x2000001c        0x1 ./Src/main.o
                0x2000001c                data
 .bss.bitmap_ready
                0x2000001d        0x1 ./Src/main.o
                0x2000001d                bitmap_ready
 .bss.fifo_busy
                0x2000001e        0x1 ./Src/main.o
                0x2000001e                fifo_busy
 *fill*         0x2000001f        0x1 
 .bss.pixel     0x20000020        0x2 ./Src/main.o
                0x20000020                pixel
 *fill*         0x20000022        0x2 
 .bss.pixel_fifo
                0x20000024     0x140a ./Src/main.o
                0x20000024                pixel_fifo
 *fill*         0x2000142e        0x2 
 .bss.axis_X    0x20001430       0x14 ./Src/main.o
                0x20001430                axis_X
 .bss.axis_Y    0x20001444       0x14 ./Src/main.o
                0x20001444                axis_Y
 .bss.axis_Z    0x20001458       0x14 ./Src/main.o
                0x20001458                axis_Z
 .bss.drill     0x2000146c        0x1 ./Src/main.o
                0x2000146c                drill
 .bss.confirm_returnDRILL_x_toFIFO
                0x2000146d        0x1 ./Src/main.o
                0x2000146d                confirm_returnDRILL_x_toFIFO
 .bss.confirmDRILL_z
                0x2000146e        0x1 ./Src/main.o
                0x2000146e                confirmDRILL_z
 .bss.confirm_returnDRILL_x
                0x2000146f        0x1 ./Src/main.o
                0x2000146f                confirm_returnDRILL_x
 .bss.confirmDRILL_y
                0x20001470        0x1 ./Src/main.o
                0x20001470                confirmDRILL_y
 .bss.confirmDRILL_x
                0x20001471        0x1 ./Src/main.o
                0x20001471                confirmDRILL_x
 .bss.moveto_x  0x20001472        0x1 ./Src/main.o
                0x20001472                moveto_x
 .bss.ISRz      0x20001473        0x1 ./Src/main.o
                0x20001473                ISRz
 .bss.ISRx      0x20001474        0x1 ./Src/main.o
                0x20001474                ISRx
 .bss.ISRy      0x20001475        0x1 ./Src/main.o
                0x20001475                ISRy
 *fill*         0x20001476        0x2 
 .bss.moveback_x
                0x20001478        0x4 ./Src/main.o
                0x20001478                moveback_x
 .bss.cntx      0x2000147c        0x4 ./Src/main.o
                0x2000147c                cntx
 .bss.cnty      0x20001480        0x4 ./Src/main.o
                0x20001480                cnty
 .bss.cntz      0x20001484        0x4 ./Src/main.o
                0x20001484                cntz
 .bss.Tick      0x20001488        0x4 ./Src/main.o
                0x20001488                Tick
 .bss.dir_z     0x2000148c        0x1 ./Src/motor.o
                0x2000148c                dir_z
 *(COMMON)
                0x20001490                        . = ALIGN (0x4)
 *fill*         0x2000148d        0x3 
                0x20001490                        _ebss = .
                0x20001490                        __bss_end__ = _ebss

._user_heap_stack
                0x20001490      0x600
                0x20001490                        . = ALIGN (0x8)
                [!provide]                        PROVIDE (end = .)
                0x20001490                        PROVIDE (_end = .)
                0x20001690                        . = (. + _Min_Heap_Size)
 *fill*         0x20001490      0x200 
                0x20001a90                        . = (. + _Min_Stack_Size)
 *fill*         0x20001690      0x400 
                0x20001a90                        . = ALIGN (0x8)

/DISCARD/
 libc.a(*)
 libm.a(*)
 libgcc.a(*)

.ARM.attributes
                0x00000000       0x30
 *(.ARM.attributes)
 .ARM.attributes
                0x00000000       0x22 C:/ST/STM32CubeIDE_1.13.2/STM32CubeIDE/plugins/com.st.stm32cube.ide.mcu.externaltools.gnu-tools-for-stm32.13.3.rel1.win32_1.0.0.202411081344/tools/bin/../lib/gcc/arm-none-eabi/13.3.1/thumb/v7e-m+fp/hard/crti.o
 .ARM.attributes
                0x00000022       0x34 C:/ST/STM32CubeIDE_1.13.2/STM32CubeIDE/plugins/com.st.stm32cube.ide.mcu.externaltools.gnu-tools-for-stm32.13.3.rel1.win32_1.0.0.202411081344/tools/bin/../lib/gcc/arm-none-eabi/13.3.1/thumb/v7e-m+fp/hard/crtbegin.o
 .ARM.attributes
                0x00000056       0x34 ./Src/clkdir.o
 .ARM.attributes
                0x0000008a       0x34 ./Src/fifo.o
 .ARM.attributes
                0x000000be       0x34 ./Src/main.o
 .ARM.attributes
                0x000000f2       0x34 ./Src/motor.o
 .ARM.attributes
                0x00000126       0x34 ./Src/timers.o
 .ARM.attributes
                0x0000015a       0x21 ./Startup/startup_stm32f303retx.o
 .ARM.attributes
                0x0000017b       0x34 C:/ST/STM32CubeIDE_1.13.2/STM32CubeIDE/plugins/com.st.stm32cube.ide.mcu.externaltools.gnu-tools-for-stm32.13.3.rel1.win32_1.0.0.202411081344/tools/bin/../lib/gcc/arm-none-eabi/13.3.1/../../../../arm-none-eabi/lib/thumb/v7e-m+fp/hard\libc_nano.a(libc_a-init.o)
 .ARM.attributes
                0x000001af       0x22 C:/ST/STM32CubeIDE_1.13.2/STM32CubeIDE/plugins/com.st.stm32cube.ide.mcu.externaltools.gnu-tools-for-stm32.13.3.rel1.win32_1.0.0.202411081344/tools/bin/../lib/gcc/arm-none-eabi/13.3.1/thumb/v7e-m+fp/hard/crtn.o
OUTPUT(stmTimers.elf elf32-littlearm)
LOAD linker stubs
LOAD C:/ST/STM32CubeIDE_1.13.2/STM32CubeIDE/plugins/com.st.stm32cube.ide.mcu.externaltools.gnu-tools-for-stm32.13.3.rel1.win32_1.0.0.202411081344/tools/bin/../lib/gcc/arm-none-eabi/13.3.1/../../../../arm-none-eabi/lib/thumb/v7e-m+fp/hard\libc.a
LOAD C:/ST/STM32CubeIDE_1.13.2/STM32CubeIDE/plugins/com.st.stm32cube.ide.mcu.externaltools.gnu-tools-for-stm32.13.3.rel1.win32_1.0.0.202411081344/tools/bin/../lib/gcc/arm-none-eabi/13.3.1/../../../../arm-none-eabi/lib/thumb/v7e-m+fp/hard\libm.a
LOAD C:/ST/STM32CubeIDE_1.13.2/STM32CubeIDE/plugins/com.st.stm32cube.ide.mcu.externaltools.gnu-tools-for-stm32.13.3.rel1.win32_1.0.0.202411081344/tools/bin/../lib/gcc/arm-none-eabi/13.3.1/thumb/v7e-m+fp/hard\libgcc.a

.debug_info     0x00000000     0x29cc
 .debug_info    0x00000000      0x1fd ./Src/clkdir.o
 .debug_info    0x000001fd      0x998 ./Src/fifo.o
 .debug_info    0x00000b95      0xf47 ./Src/main.o
 .debug_info    0x00001adc      0x4e7 ./Src/motor.o
 .debug_info    0x00001fc3      0x9d9 ./Src/timers.o
 .debug_info    0x0000299c       0x30 ./Startup/startup_stm32f303retx.o

.debug_abbrev   0x00000000      0x89d
 .debug_abbrev  0x00000000       0xeb ./Src/clkdir.o
 .debug_abbrev  0x000000eb      0x202 ./Src/fifo.o
 .debug_abbrev  0x000002ed      0x294 ./Src/main.o
 .debug_abbrev  0x00000581      0x183 ./Src/motor.o
 .debug_abbrev  0x00000704      0x175 ./Src/timers.o
 .debug_abbrev  0x00000879       0x24 ./Startup/startup_stm32f303retx.o

.debug_aranges  0x00000000      0x1d0
 .debug_aranges
                0x00000000       0x50 ./Src/clkdir.o
 .debug_aranges
                0x00000050       0x48 ./Src/fifo.o
 .debug_aranges
                0x00000098       0x70 ./Src/main.o
 .debug_aranges
                0x00000108       0x50 ./Src/motor.o
 .debug_aranges
                0x00000158       0x50 ./Src/timers.o
 .debug_aranges
                0x000001a8       0x28 ./Startup/startup_stm32f303retx.o

.debug_rnglists
                0x00000000      0x149
 .debug_rnglists
                0x00000000       0x37 ./Src/clkdir.o
 .debug_rnglists
                0x00000037       0x32 ./Src/fifo.o
 .debug_rnglists
                0x00000069       0x55 ./Src/main.o
 .debug_rnglists
                0x000000be       0x37 ./Src/motor.o
 .debug_rnglists
                0x000000f5       0x3b ./Src/timers.o
 .debug_rnglists
                0x00000130       0x19 ./Startup/startup_stm32f303retx.o

.debug_macro    0x00000000    0x18b73
 .debug_macro   0x00000000      0x210 ./Src/clkdir.o
 .debug_macro   0x00000210      0xae4 ./Src/clkdir.o
 .debug_macro   0x00000cf4       0x22 ./Src/clkdir.o
 .debug_macro   0x00000d16       0x8e ./Src/clkdir.o
 .debug_macro   0x00000da4       0x51 ./Src/clkdir.o
 .debug_macro   0x00000df5      0x103 ./Src/clkdir.o
 .debug_macro   0x00000ef8       0x6a ./Src/clkdir.o
 .debug_macro   0x00000f62      0x1df ./Src/clkdir.o
 .debug_macro   0x00001141       0x22 ./Src/clkdir.o
 .debug_macro   0x00001163       0x28 ./Src/clkdir.o
 .debug_macro   0x0000118b       0x28 ./Src/clkdir.o
 .debug_macro   0x000011b3       0x1c ./Src/clkdir.o
 .debug_macro   0x000011cf       0x22 ./Src/clkdir.o
 .debug_macro   0x000011f1       0xd9 ./Src/clkdir.o
 .debug_macro   0x000012ca     0x102d ./Src/clkdir.o
 .debug_macro   0x000022f7      0x11f ./Src/clkdir.o
 .debug_macro   0x00002416    0x1535a ./Src/clkdir.o
 .debug_macro   0x00017770       0x6d ./Src/clkdir.o
 .debug_macro   0x000177dd       0x61 ./Src/clkdir.o
 .debug_macro   0x0001783e       0x2a ./Src/clkdir.o
 .debug_macro   0x00017868       0x43 ./Src/clkdir.o
 .debug_macro   0x000178ab       0x34 ./Src/clkdir.o
 .debug_macro   0x000178df      0x190 ./Src/clkdir.o
 .debug_macro   0x00017a6f      0x370 ./Src/clkdir.o
 .debug_macro   0x00017ddf       0x16 ./Src/clkdir.o
 .debug_macro   0x00017df5       0x4a ./Src/clkdir.o
 .debug_macro   0x00017e3f       0x34 ./Src/clkdir.o
 .debug_macro   0x00017e73       0x10 ./Src/clkdir.o
 .debug_macro   0x00017e83       0x58 ./Src/clkdir.o
 .debug_macro   0x00017edb       0x8e ./Src/clkdir.o
 .debug_macro   0x00017f69       0x1c ./Src/clkdir.o
 .debug_macro   0x00017f85      0x185 ./Src/clkdir.o
 .debug_macro   0x0001810a       0x10 ./Src/clkdir.o
 .debug_macro   0x0001811a       0x3c ./Src/clkdir.o
 .debug_macro   0x00018156       0x20 ./Src/clkdir.o
 .debug_macro   0x00018176       0x1c ./Src/clkdir.o
 .debug_macro   0x00018192       0x10 ./Src/clkdir.o
 .debug_macro   0x000181a2       0x1c ./Src/clkdir.o
 .debug_macro   0x000181be       0x16 ./Src/clkdir.o
 .debug_macro   0x000181d4      0x146 ./Src/clkdir.o
 .debug_macro   0x0001831a      0x1f5 ./Src/fifo.o
 .debug_macro   0x0001850f       0x10 ./Src/fifo.o
 .debug_macro   0x0001851f      0x224 ./Src/main.o
 .debug_macro   0x00018743       0x3a ./Src/main.o
 .debug_macro   0x0001877d      0x200 ./Src/motor.o
 .debug_macro   0x0001897d      0x1f6 ./Src/timers.o

.debug_line     0x00000000     0x2b19
 .debug_line    0x00000000      0x7c2 ./Src/clkdir.o
 .debug_line    0x000007c2      0x801 ./Src/fifo.o
 .debug_line    0x00000fc3      0xa8a ./Src/main.o
 .debug_line    0x00001a4d      0x7a3 ./Src/motor.o
 .debug_line    0x000021f0      0x8ae ./Src/timers.o
 .debug_line    0x00002a9e       0x7b ./Startup/startup_stm32f303retx.o

.debug_str      0x00000000    0x87594
 .debug_str     0x00000000    0x87594 ./Src/clkdir.o
                              0x86cf7 (size before relaxing)
 .debug_str     0x00087594    0x87232 ./Src/fifo.o
 .debug_str     0x00087594    0x8776f ./Src/main.o
 .debug_str     0x00087594    0x86cde ./Src/motor.o
 .debug_str     0x00087594    0x87260 ./Src/timers.o
 .debug_str     0x00087594       0x7c ./Startup/startup_stm32f303retx.o

.comment        0x00000000       0x43
 .comment       0x00000000       0x43 ./Src/clkdir.o
                                 0x44 (size before relaxing)
 .comment       0x00000043       0x44 ./Src/fifo.o
 .comment       0x00000043       0x44 ./Src/main.o
 .comment       0x00000043       0x44 ./Src/motor.o
 .comment       0x00000043       0x44 ./Src/timers.o

.debug_frame    0x00000000      0x584
 .debug_frame   0x00000000       0xf8 ./Src/clkdir.o
 .debug_frame   0x000000f8       0xec ./Src/fifo.o
 .debug_frame   0x000001e4      0x164 ./Src/main.o
 .debug_frame   0x00000348      0x11c ./Src/motor.o
 .debug_frame   0x00000464       0xf4 ./Src/timers.o
 .debug_frame   0x00000558       0x2c C:/ST/STM32CubeIDE_1.13.2/STM32CubeIDE/plugins/com.st.stm32cube.ide.mcu.externaltools.gnu-tools-for-stm32.13.3.rel1.win32_1.0.0.202411081344/tools/bin/../lib/gcc/arm-none-eabi/13.3.1/../../../../arm-none-eabi/lib/thumb/v7e-m+fp/hard\libc_nano.a(libc_a-init.o)

.debug_line_str
                0x00000000       0x60
 .debug_line_str
                0x00000000       0x60 ./Startup/startup_stm32f303retx.o
